// Jest Snapshot v1, https://goo.gl/fbAQLP

exports[`\`fusion build --production\` works with gql 1`] = `"{\\"kind\\":\\"Document\\",\\"definitions\\":[{\\"kind\\":\\"ObjectTypeDefinition\\",\\"name\\":{\\"kind\\":\\"Name\\",\\"value\\":\\"Query\\"},\\"interfaces\\":[],\\"directives\\":[],\\"fields\\":[{\\"kind\\":\\"FieldDefinition\\",\\"name\\":{\\"kind\\":\\"Name\\",\\"value\\":\\"user\\"},\\"arguments\\":[],\\"type\\":{\\"kind\\":\\"NamedType\\",\\"name\\":{\\"kind\\":\\"Name\\",\\"value\\":\\"User\\"}},\\"directives\\":[]}]},{\\"kind\\":\\"ObjectTypeDefinition\\",\\"name\\":{\\"kind\\":\\"Name\\",\\"value\\":\\"User\\"},\\"interfaces\\":[],\\"directives\\":[],\\"fields\\":[{\\"kind\\":\\"FieldDefinition\\",\\"name\\":{\\"kind\\":\\"Name\\",\\"value\\":\\"firstName\\"},\\"arguments\\":[],\\"type\\":{\\"kind\\":\\"NamedType\\",\\"name\\":{\\"kind\\":\\"Name\\",\\"value\\":\\"String\\"}},\\"directives\\":[]}]}],\\"loc\\":{\\"start\\":0,\\"end\\":62,\\"source\\":{\\"body\\":\\"type Query {\\\\n  user: User\\\\n}\\\\n\\\\ntype User {\\\\n  firstName: String\\\\n}\\",\\"name\\":\\"GraphQL request\\",\\"locationOffset\\":{\\"line\\":1,\\"column\\":1}}}}"`;

exports[`\`fusion build --production\` works with gql 2`] = `
Object {
  "definitions": Array [
    Object {
      "directives": Array [],
      "fields": Array [
        Object {
          "arguments": Array [],
          "directives": Array [],
          "kind": "FieldDefinition",
          "name": Object {
            "kind": "Name",
            "value": "user",
          },
          "type": Object {
            "kind": "NamedType",
            "name": Object {
              "kind": "Name",
              "value": "User",
            },
          },
        },
      ],
      "interfaces": Array [],
      "kind": "ObjectTypeDefinition",
      "name": Object {
        "kind": "Name",
        "value": "Query",
      },
    },
    Object {
      "directives": Array [],
      "fields": Array [
        Object {
          "arguments": Array [],
          "directives": Array [],
          "kind": "FieldDefinition",
          "name": Object {
            "kind": "Name",
            "value": "firstName",
          },
          "type": Object {
            "kind": "NamedType",
            "name": Object {
              "kind": "Name",
              "value": "String",
            },
          },
        },
      ],
      "interfaces": Array [],
      "kind": "ObjectTypeDefinition",
      "name": Object {
        "kind": "Name",
        "value": "User",
      },
    },
  ],
  "kind": "Document",
  "loc": Object {
    "end": 62,
    "source": Object {
      "body": "type Query {
  user: User
}

type User {
  firstName: String
}",
      "locationOffset": Object {
        "column": 1,
        "line": 1,
      },
      "name": "GraphQL request",
    },
    "start": 0,
  },
}
`;

exports[`\`fusion dev\` works with gql 1`] = `"{\\"kind\\":\\"Document\\",\\"definitions\\":[{\\"kind\\":\\"ObjectTypeDefinition\\",\\"name\\":{\\"kind\\":\\"Name\\",\\"value\\":\\"Query\\"},\\"interfaces\\":[],\\"directives\\":[],\\"fields\\":[{\\"kind\\":\\"FieldDefinition\\",\\"name\\":{\\"kind\\":\\"Name\\",\\"value\\":\\"user\\"},\\"arguments\\":[],\\"type\\":{\\"kind\\":\\"NamedType\\",\\"name\\":{\\"kind\\":\\"Name\\",\\"value\\":\\"User\\"}},\\"directives\\":[]}]},{\\"kind\\":\\"ObjectTypeDefinition\\",\\"name\\":{\\"kind\\":\\"Name\\",\\"value\\":\\"User\\"},\\"interfaces\\":[],\\"directives\\":[],\\"fields\\":[{\\"kind\\":\\"FieldDefinition\\",\\"name\\":{\\"kind\\":\\"Name\\",\\"value\\":\\"firstName\\"},\\"arguments\\":[],\\"type\\":{\\"kind\\":\\"NamedType\\",\\"name\\":{\\"kind\\":\\"Name\\",\\"value\\":\\"String\\"}},\\"directives\\":[]}]}],\\"loc\\":{\\"start\\":0,\\"end\\":62,\\"source\\":{\\"body\\":\\"type Query {\\\\n  user: User\\\\n}\\\\n\\\\ntype User {\\\\n  firstName: String\\\\n}\\",\\"name\\":\\"GraphQL request\\",\\"locationOffset\\":{\\"line\\":1,\\"column\\":1}}}}"`;

exports[`\`fusion dev\` works with gql 2`] = `
Object {
  "definitions": Array [
    Object {
      "directives": Array [],
      "fields": Array [
        Object {
          "arguments": Array [],
          "directives": Array [],
          "kind": "FieldDefinition",
          "name": Object {
            "kind": "Name",
            "value": "user",
          },
          "type": Object {
            "kind": "NamedType",
            "name": Object {
              "kind": "Name",
              "value": "User",
            },
          },
        },
      ],
      "interfaces": Array [],
      "kind": "ObjectTypeDefinition",
      "name": Object {
        "kind": "Name",
        "value": "Query",
      },
    },
    Object {
      "directives": Array [],
      "fields": Array [
        Object {
          "arguments": Array [],
          "directives": Array [],
          "kind": "FieldDefinition",
          "name": Object {
            "kind": "Name",
            "value": "firstName",
          },
          "type": Object {
            "kind": "NamedType",
            "name": Object {
              "kind": "Name",
              "value": "String",
            },
          },
        },
      ],
      "interfaces": Array [],
      "kind": "ObjectTypeDefinition",
      "name": Object {
        "kind": "Name",
        "value": "User",
      },
    },
  ],
  "kind": "Document",
  "loc": Object {
    "end": 62,
    "source": Object {
      "body": "type Query {
  user: User
}

type User {
  firstName: String
}",
      "locationOffset": Object {
        "column": 1,
        "line": 1,
      },
      "name": "GraphQL request",
    },
    "start": 0,
  },
}
`;
